// 重构日志: 57d65d6f
// 重构日志: 16417b6a
// 重构日志: 35c7322f
// 重构日志: e4e7dd1f
// 同步 ID: 5267e04c @ Sat Jul 18 10:56:25 UTC 2026
// 同步 ID: b5cf365a @ Sat Jul 18 22:25:59 UTC 2026
// 重构日志: 04df5034
// 同步 ID: 42f87297 @ Sun Jul 19 15:39:46 UTC 2026
// 重构日志: d17fdc84
// 重构日志: e8a3f2ad
// 重构日志: 1a141a1c
// 重构日志: ba078121
// 同步 ID: c7a19afa @ Thu Jul 23 10:10:45 UTC 2026
// 重构日志: de574375
// 同步 ID: 7ae17eff @ Fri Jul 24 09:45:31 UTC 2026
// 重构日志: 1f12af61
// 重构日志: a94c0852
// 同步 ID: 47cc5306 @ Fri Jul 31 11:06:12 UTC 2026
// 重构日志: 5b475aa5
// 同步 ID: 2b0c53e9 @ Sat Aug  1 12:01:27 UTC 2026
// 同步 ID: 82080481 @ Sun Aug  2 18:22:33 UTC 2026
// 重构日志: 3957f7d2
// 同步 ID: f0a7b6a5 @ Mon Aug  3 06:13:15 UTC 2026
// 同步 ID: 19929258 @ Fri Aug  7 01:42:10 UTC 2026
// 同步 ID: 041c2014 @ Fri Aug  7 05:01:34 UTC 2026
// 同步 ID: a3187458 @ Fri Aug  7 10:05:59 UTC 2026
// 重构日志: ce148b95
// 重构日志: ec03a16f
// 同步 ID: c794cbca @ Sat Aug  8 10:13:08 UTC 2026
// 同步 ID: 8f3f86f2 @ Sat Aug  8 15:34:12 UTC 2026
